// Jest Snapshot v1, https://goo.gl/fbAQLP

exports[`renders correctly 1`] = `
<fieldset class="action-items-container">
    <legend>My Action Items</legend>
    <div data-rbd-droppable-id="droppable" data-rbd-droppable-context-id="1" style="padding: 8px;">
        <div class="image-div">
            <span>
                <svg class="MuiSvgIcon-root" focusable="false" viewBox="0 0 24 24" aria-hidden="true">
                    <path d="M11 18c0 1.1-.9 2-2 2s-2-.9-2-2 .9-2 2-2 2 .9 2 2zm-2-8c-1.1 0-2 .9-2 2s.9 2 2 2 2-.9 2-2-.9-2-2-2zm0-6c-1.1 0-2 .9-2 2s.9 2 2 2 2-.9 2-2-.9-2-2-2zm6 4c1.1 0 2-.9 2-2s-.9-2-2-2-2 .9-2 2 .9 2 2 2zm0 2c-1.1 0-2 .9-2 2s.9 2 2 2 2-.9 2-2-.9-2-2-2zm0 6c-1.1 0-2 .9-2 2s.9 2 2 2 2-.9 2-2-.9-2-2-2z">
                    </path>
                </svg>
            </span>
            <div class="description-field">
                <p class="action-items-info-hidden">Lorem Ipsum etc</p>
            </div>
        </div>
        <div class="image-div">
            <span>
                <svg class="MuiSvgIcon-root" focusable="false" viewBox="0 0 24 24" aria-hidden="true">
                    <path d="M11 18c0 1.1-.9 2-2 2s-2-.9-2-2 .9-2 2-2 2 .9 2 2zm-2-8c-1.1 0-2 .9-2 2s.9 2 2 2 2-.9 2-2-.9-2-2-2zm0-6c-1.1 0-2 .9-2 2s.9 2 2 2 2-.9 2-2-.9-2-2-2zm6 4c1.1 0 2-.9 2-2s-.9-2-2-2-2 .9-2 2 .9 2 2 2zm0 2c-1.1 0-2 .9-2 2s.9 2 2 2 2-.9 2-2-.9-2-2-2zm0 6c-1.1 0-2 .9-2 2s.9 2 2 2 2-.9 2-2-.9-2-2-2z">
                    </path>
                </svg>
            </span>
            <div class="description-field">
                <p class="action-items-info-hidden">Lorem Ipsum etc</p>
            </div>
        </div>
        <div class="image-div">
            <span>
                <svg class="MuiSvgIcon-root" focusable="false" viewBox="0 0 24 24" aria-hidden="true">
                    <path d="M11 18c0 1.1-.9 2-2 2s-2-.9-2-2 .9-2 2-2 2 .9 2 2zm-2-8c-1.1 0-2 .9-2 2s.9 2 2 2 2-.9 2-2-.9-2-2-2zm0-6c-1.1 0-2 .9-2 2s.9 2 2 2 2-.9 2-2-.9-2-2-2zm6 4c1.1 0 2-.9 2-2s-.9-2-2-2-2 .9-2 2 .9 2 2 2zm0 2c-1.1 0-2 .9-2 2s.9 2 2 2 2-.9 2-2-.9-2-2-2zm0 6c-1.1 0-2 .9-2 2s.9 2 2 2 2-.9 2-2-.9-2-2-2z">
                    </path>
                </svg>
            </span>
            <div class="description-field">
                <p class="action-items-info-hidden">Lorem Ipsum etc</p>
            </div>
        </div>
    </div>
</fieldset>
`;
