// Jest Snapshot v1, https://goo.gl/fbAQLP

exports[`renders correctly 1`] = `
<div
  className="flex-row"
  style={
    Object {
      "marginTop": "20px",
    }
  }
>
  <div
    className="profile-image"
  >
    <img
      alt="Profile"
      src="https://i.imgur.com/TkSNOpF.jpg"
    />
  </div>
  <div
    className="flex-row"
  >
    <div
      style={
        Object {
          "textAlign": "left",
        }
      }
    >
      <h2
        style={
          Object {
            "margin": 0,
          }
        }
      >
        Christopher Wallace
      </h2>
      <div>
        <p>
          Role: 
          Lyrical Poet
        </p>
        <p>
          Email: 
          Biggie@oci.com
        </p>
        <p>
          Current PDL: 
          Tupac Shakur
        </p>
        <p>
          It was all a dream, I used to read Word Up magazine
        </p>
      </div>
    </div>
  </div>
</div>
`;

exports[`renders image_url 1`] = `
<div
  className="flex-row"
  style={
    Object {
      "marginTop": "20px",
    }
  }
>
  <div
    className="profile-image"
  >
    <img
      alt="Profile"
      src="https://i.imgur.com/TkSNOpF.jpg"
    />
  </div>
  <div
    className="flex-row"
  >
    <div
      style={
        Object {
          "textAlign": "left",
        }
      }
    >
      <h2
        style={
          Object {
            "margin": 0,
          }
        }
      >
        Christopher Wallace
      </h2>
      <div>
        <p>
          Role: 
          Lyrical Poet
        </p>
        <p>
          Email: 
          Biggie@oci.com
        </p>
        <p>
          Current PDL: 
          Tupac Shakur
        </p>
        <p>
          It was all a dream, I used to read Word Up magazine
        </p>
      </div>
    </div>
  </div>
</div>
`;
