// Jest Snapshot v1, https://goo.gl/fbAQLP

exports[`renders correctly with checkin 1`] = `
<div
  className="notes"
>
  <div>
    <h1>
      <svg
        aria-hidden={true}
        className="MuiSvgIcon-root"
        focusable="false"
        style={
          Object {
            "marginRight": "10px",
          }
        }
        viewBox="0 0 24 24"
      >
        <path
          d="M3 18h12v-2H3v2zM3 6v2h18V6H3zm0 7h18v-2H3v2z"
        />
      </svg>
      Notes for 
    </h1>
    <div
      className="container"
    >
      <textarea
        onChange={[Function]}
      />
    </div>
  </div>
  <div>
    <h1>
      <svg
        aria-hidden={true}
        className="MuiSvgIcon-root"
        focusable="false"
        style={
          Object {
            "marginRight": "10px",
          }
        }
        viewBox="0 0 24 24"
      >
        <path
          d="M18 8h-1V6c0-2.76-2.24-5-5-5S7 3.24 7 6v2H6c-1.1 0-2 .9-2 2v10c0 1.1.9 2 2 2h12c1.1 0 2-.9 2-2V10c0-1.1-.9-2-2-2zm-6 9c-1.1 0-2-.9-2-2s.9-2 2-2 2 .9 2 2-.9 2-2 2zm3.1-9H8.9V6c0-1.71 1.39-3.1 3.1-3.1 1.71 0 3.1 1.39 3.1 3.1v2z"
        />
      </svg>
      Private Notes
    </h1>
    <div
      className="container"
    >
      <textarea
        onChange={[Function]}
        value="Private note"
      >
        <p />
      </textarea>
    </div>
  </div>
</div>
`;
