// Jest Snapshot v1, https://goo.gl/fbAQLP

exports[`renders correctly 1`] = `
<div
  className="notes"
>
  <div>
    <h1>
      Notes
    </h1>
    <div
      className="container"
    >
      <textarea
        onChange={[Function]}
        value="updated string"
      >
        <p />
      </textarea>
    </div>
  </div>
</div>
`;

exports[`renders correctly with checkin 1`] = `
<div
  className="notes"
>
  <div>
    <h1>
      Notes
    </h1>
    <div
      className="container"
    >
      <textarea
        onChange={[Function]}
        value="updated string"
      >
        <p />
      </textarea>
    </div>
  </div>
</div>
`;
