// Jest Snapshot v1, https://goo.gl/fbAQLP

exports[`renders open with team 1`] = `"<div role=\\"presentation\\" aria-labelledby=\\"edit-team-modal-title\\" style=\\"position: fixed; z-index: 1300; right: 0px; bottom: 0px; top: 0px; left: 0px;\\"><div aria-hidden=\\"true\\" style=\\"z-index: -1; position: fixed; right: 0px; bottom: 0px; top: 0px; left: 0px; background-color: rgba(0, 0, 0, 0.5);\\"></div><div tabindex=\\"0\\" data-test=\\"sentinelStart\\"></div><div class=\\"EditTeamModal\\" tabindex=\\"-1\\"><h2>Add a team</h2><div class=\\"MuiFormControl-root MuiTextField-root halfWidth\\"><label class=\\"MuiFormLabel-root MuiInputLabel-root MuiInputLabel-formControl MuiInputLabel-animated MuiInputLabel-shrink MuiFormLabel-filled Mui-required Mui-required\\" data-shrink=\\"true\\" for=\\"team-name-input\\" id=\\"team-name-input-label\\">Team Name<span aria-hidden=\\"true\\" class=\\"MuiFormLabel-asterisk MuiInputLabel-asterisk\\">â€‰*</span></label><div class=\\"MuiInputBase-root MuiInput-root MuiInput-underline MuiInputBase-formControl MuiInput-formControl\\"><input aria-invalid=\\"false\\" id=\\"team-name-input\\" placeholder=\\"Awesome Team\\" required=\\"\\" type=\\"text\\" class=\\"MuiInputBase-input MuiInput-input\\" value=\\"Test Team\\"></div></div><div class=\\"MuiFormControl-root MuiTextField-root fullWidth\\"><label class=\\"MuiFormLabel-root MuiInputLabel-root MuiInputLabel-formControl MuiInputLabel-animated MuiInputLabel-shrink MuiFormLabel-filled\\" data-shrink=\\"true\\">Description</label><div class=\\"MuiInputBase-root MuiInput-root MuiInput-underline MuiInputBase-formControl MuiInput-formControl\\"><input aria-invalid=\\"false\\" placeholder=\\"What do they do?\\" type=\\"text\\" class=\\"MuiInputBase-input MuiInput-input\\" value=\\"A team used for testing.\\"></div></div><div class=\\"MuiAutocomplete-root MuiAutocomplete-hasClearIcon MuiAutocomplete-hasPopupIcon\\" role=\\"combobox\\" aria-expanded=\\"false\\"><div class=\\"MuiFormControl-root MuiTextField-root fullWidth MuiFormControl-fullWidth\\"><label class=\\"MuiFormLabel-root MuiInputLabel-root MuiInputLabel-formControl MuiInputLabel-animated MuiInputLabel-shrink\\" data-shrink=\\"true\\" id=\\"mui-26393-label\\" for=\\"mui-26393\\">Team Leads</label><div class=\\"MuiInputBase-root MuiInput-root MuiInput-underline MuiAutocomplete-inputRoot MuiInputBase-fullWidth MuiInput-fullWidth MuiInputBase-formControl MuiInput-formControl MuiInputBase-adornedStart MuiInputBase-adornedEnd\\"><div role=\\"button\\" class=\\"MuiChip-root MuiAutocomplete-tag MuiChip-deletable\\" tabindex=\\"-1\\" data-tag-index=\\"0\\"><span class=\\"MuiChip-label\\">Team Leader</span><svg class=\\"MuiSvgIcon-root MuiChip-deleteIcon\\" focusable=\\"false\\" viewBox=\\"0 0 24 24\\" aria-hidden=\\"true\\"><path d=\\"M12 2C6.47 2 2 6.47 2 12s4.47 10 10 10 10-4.47 10-10S17.53 2 12 2zm5 13.59L15.59 17 12 13.41 8.41 17 7 15.59 10.59 12 7 8.41 8.41 7 12 10.59 15.59 7 17 8.41 13.41 12 17 15.59z\\"></path></svg></div><div role=\\"button\\" class=\\"MuiChip-root MuiAutocomplete-tag MuiChip-deletable\\" tabindex=\\"-1\\" data-tag-index=\\"1\\"><span class=\\"MuiChip-label\\">Other Leader</span><svg class=\\"MuiSvgIcon-root MuiChip-deleteIcon\\" focusable=\\"false\\" viewBox=\\"0 0 24 24\\" aria-hidden=\\"true\\"><path d=\\"M12 2C6.47 2 2 6.47 2 12s4.47 10 10 10 10-4.47 10-10S17.53 2 12 2zm5 13.59L15.59 17 12 13.41 8.41 17 7 15.59 10.59 12 7 8.41 8.41 7 12 10.59 15.59 7 17 8.41 13.41 12 17 15.59z\\"></path></svg></div><input aria-invalid=\\"false\\" autocomplete=\\"off\\" placeholder=\\"Add a team lead...\\" type=\\"text\\" class=\\"MuiInputBase-input MuiInput-input MuiAutocomplete-input MuiAutocomplete-inputFocused MuiInputBase-inputAdornedStart MuiInputBase-inputAdornedEnd\\" aria-autocomplete=\\"list\\" autocapitalize=\\"none\\" spellcheck=\\"false\\" value=\\"\\" id=\\"mui-26393\\"><div class=\\"MuiAutocomplete-endAdornment\\"><button class=\\"MuiButtonBase-root MuiIconButton-root MuiAutocomplete-clearIndicator MuiAutocomplete-clearIndicatorDirty\\" tabindex=\\"-1\\" type=\\"button\\" aria-label=\\"Clear\\" title=\\"Clear\\"><span class=\\"MuiIconButton-label\\"><svg class=\\"MuiSvgIcon-root MuiSvgIcon-fontSizeSmall\\" focusable=\\"false\\" viewBox=\\"0 0 24 24\\" aria-hidden=\\"true\\"><path d=\\"M19 6.41L17.59 5 12 10.59 6.41 5 5 6.41 10.59 12 5 17.59 6.41 19 12 13.41 17.59 19 19 17.59 13.41 12z\\"></path></svg></span><span class=\\"MuiTouchRipple-root\\"></span></button><button class=\\"MuiButtonBase-root MuiIconButton-root MuiAutocomplete-popupIndicator\\" tabindex=\\"-1\\" type=\\"button\\" aria-label=\\"Open\\" title=\\"Open\\"><span class=\\"MuiIconButton-label\\"><svg class=\\"MuiSvgIcon-root\\" focusable=\\"false\\" viewBox=\\"0 0 24 24\\" aria-hidden=\\"true\\"><path d=\\"M7 10l5 5 5-5z\\"></path></svg></span><span class=\\"MuiTouchRipple-root\\"></span></button></div></div></div></div><div class=\\"MuiAutocomplete-root MuiAutocomplete-hasClearIcon MuiAutocomplete-hasPopupIcon\\" role=\\"combobox\\" aria-expanded=\\"false\\"><div class=\\"MuiFormControl-root MuiTextField-root fullWidth MuiFormControl-fullWidth\\"><label class=\\"MuiFormLabel-root MuiInputLabel-root MuiInputLabel-formControl MuiInputLabel-animated MuiInputLabel-shrink\\" data-shrink=\\"true\\" id=\\"mui-98037-label\\" for=\\"mui-98037\\">Team Members</label><div class=\\"MuiInputBase-root MuiInput-root MuiInput-underline MuiAutocomplete-inputRoot MuiInputBase-fullWidth MuiInput-fullWidth MuiInputBase-formControl MuiInput-formControl MuiInputBase-adornedStart MuiInputBase-adornedEnd\\"><div role=\\"button\\" class=\\"MuiChip-root MuiAutocomplete-tag MuiChip-deletable\\" tabindex=\\"-1\\" data-tag-index=\\"0\\"><span class=\\"MuiChip-label\\">Team Member</span><svg class=\\"MuiSvgIcon-root MuiChip-deleteIcon\\" focusable=\\"false\\" viewBox=\\"0 0 24 24\\" aria-hidden=\\"true\\"><path d=\\"M12 2C6.47 2 2 6.47 2 12s4.47 10 10 10 10-4.47 10-10S17.53 2 12 2zm5 13.59L15.59 17 12 13.41 8.41 17 7 15.59 10.59 12 7 8.41 8.41 7 12 10.59 15.59 7 17 8.41 13.41 12 17 15.59z\\"></path></svg></div><div role=\\"button\\" class=\\"MuiChip-root MuiAutocomplete-tag MuiChip-deletable\\" tabindex=\\"-1\\" data-tag-index=\\"1\\"><span class=\\"MuiChip-label\\">Other Member</span><svg class=\\"MuiSvgIcon-root MuiChip-deleteIcon\\" focusable=\\"false\\" viewBox=\\"0 0 24 24\\" aria-hidden=\\"true\\"><path d=\\"M12 2C6.47 2 2 6.47 2 12s4.47 10 10 10 10-4.47 10-10S17.53 2 12 2zm5 13.59L15.59 17 12 13.41 8.41 17 7 15.59 10.59 12 7 8.41 8.41 7 12 10.59 15.59 7 17 8.41 13.41 12 17 15.59z\\"></path></svg></div><input aria-invalid=\\"false\\" autocomplete=\\"off\\" placeholder=\\"Add a team member...\\" type=\\"text\\" class=\\"MuiInputBase-input MuiInput-input MuiAutocomplete-input MuiAutocomplete-inputFocused MuiInputBase-inputAdornedStart MuiInputBase-inputAdornedEnd\\" aria-autocomplete=\\"list\\" autocapitalize=\\"none\\" spellcheck=\\"false\\" value=\\"\\" id=\\"mui-98037\\"><div class=\\"MuiAutocomplete-endAdornment\\"><button class=\\"MuiButtonBase-root MuiIconButton-root MuiAutocomplete-clearIndicator MuiAutocomplete-clearIndicatorDirty\\" tabindex=\\"-1\\" type=\\"button\\" aria-label=\\"Clear\\" title=\\"Clear\\"><span class=\\"MuiIconButton-label\\"><svg class=\\"MuiSvgIcon-root MuiSvgIcon-fontSizeSmall\\" focusable=\\"false\\" viewBox=\\"0 0 24 24\\" aria-hidden=\\"true\\"><path d=\\"M19 6.41L17.59 5 12 10.59 6.41 5 5 6.41 10.59 12 5 17.59 6.41 19 12 13.41 17.59 19 19 17.59 13.41 12z\\"></path></svg></span><span class=\\"MuiTouchRipple-root\\"></span></button><button class=\\"MuiButtonBase-root MuiIconButton-root MuiAutocomplete-popupIndicator\\" tabindex=\\"-1\\" type=\\"button\\" aria-label=\\"Open\\" title=\\"Open\\"><span class=\\"MuiIconButton-label\\"><svg class=\\"MuiSvgIcon-root\\" focusable=\\"false\\" viewBox=\\"0 0 24 24\\" aria-hidden=\\"true\\"><path d=\\"M7 10l5 5 5-5z\\"></path></svg></span><span class=\\"MuiTouchRipple-root\\"></span></button></div></div></div></div><div class=\\"EditTeamModal-actions fullWidth\\"><button class=\\"MuiButtonBase-root MuiButton-root MuiButton-text MuiButton-textSecondary\\" tabindex=\\"0\\" type=\\"button\\"><span class=\\"MuiButton-label\\">Cancel</span><span class=\\"MuiTouchRipple-root\\"></span></button><button class=\\"MuiButtonBase-root MuiButton-root MuiButton-text MuiButton-textPrimary\\" tabindex=\\"0\\" type=\\"button\\"><span class=\\"MuiButton-label\\">Save Team</span><span class=\\"MuiTouchRipple-root\\"></span></button></div></div><div tabindex=\\"0\\" data-test=\\"sentinelEnd\\"></div></div>"`;
