// Jest Snapshot v1, https://goo.gl/fbAQLP

exports[`renders correctly with null 1`] = `
<fieldset
  className="personnel-container"
>
  <legend>
    My Personnel
  </legend>
  <div
    className="image-div"
  >
    <img
      alt="personnel pic"
      className="member-image"
      src="default_profile.jpg"
    />
    <div
      className="info-div"
    >
      <p
        className="personnel-info"
      >
        1
      </p>
      <p
        className="personnel-info"
      >
        Last Check-in: 
        Unknown
      </p>
    </div>
  </div>
  <div
    className="image-div"
  >
    <img
      alt="personnel pic"
      className="member-image"
      src="default_profile.jpg"
    />
    <div
      className="info-div"
    >
      <p
        className="personnel-info"
      >
        2
      </p>
      <p
        className="personnel-info"
      >
        Last Check-in: 
        Unknown
      </p>
    </div>
  </div>
  <div
    className="image-div"
  >
    <img
      alt="personnel pic"
      className="member-image"
      src="default_profile.jpg"
    />
    <div
      className="info-div"
    >
      <p
        className="personnel-info"
      >
        3
      </p>
      <p
        className="personnel-info"
      >
        Last Check-in: 
        Unknown
      </p>
    </div>
  </div>
</fieldset>
`;
